<?xml version="1.0"?>
<testsuite name="Chrome 56.0.2924 (Windows 10 0.0.0)" package="" timestamp="2017-02-22T06:09:01" id="0" hostname="SHE-DEV-1024" tests="3" errors="0" failures="2" time="0.523">
  <properties>
    <property name="browser.fullName" value="Mozilla/5.0 (Windows NT 10.0; Win64; x64) AppleWebKit/537.36 (KHTML, like Gecko) Chrome/56.0.2924.87 Safari/537.36"/>
  </properties>
  <testcase name="MalihuScrollbarDemoComponent should create" time="0.498" classname="MalihuScrollbarDemoComponent"/>
  <testcase name="MalihuScrollbarDirective:unit should create an instance" time="0.002" classname="MalihuScrollbarDirective:unit">
    <failure type="">TypeError: Cannot read property 'autoUpdate' of undefined
    at HTMLDivElement._autoUpdate (node_modules/malihu-custom-scrollbar-plugin/jquery.mCustomScrollbar.js:1936:35)
    at HTMLDivElement.&lt;anonymous&gt; (node_modules/malihu-custom-scrollbar-plugin/jquery.mCustomScrollbar.js:778:19)
    at Function.each (node_modules/jquery/dist/jquery.js:365:19)
    at jQuery.fn.init.each (node_modules/jquery/dist/jquery.js:137:17)
    at jQuery.fn.init.destroy (node_modules/malihu-custom-scrollbar-plugin/jquery.mCustomScrollbar.js:765:24)
    at jQuery.fn.init.$.fn.(anonymous function) [as mCustomScrollbar] (node_modules/malihu-custom-scrollbar-plugin/jquery.mCustomScrollbar.js:2390:27)
    at DomRenderer.invokeElementMethod (webpack:///~/@angular/platform-browser/src/dom/dom_renderer.js:409:0 &lt;- src/test.ts:33881:39)
    at DebugDomRenderer.invokeElementMethod (webpack:///~/@angular/core/src/debug/debug_renderer.js:232:0 &lt;- src/test.ts:62781:24)
    at MalihuScrollbarDirective.destroy (webpack:///src/app/malihu-scrollbar/malihu-scrollbar.directive.ts:46:18 &lt;- src/test.ts:34514:23)
    at MalihuScrollbarDirective.ngOnDestroy (webpack:///src/app/malihu-scrollbar/malihu-scrollbar.directive.ts:28:9 &lt;- src/test.ts:34500:14)
    at Wrapper_MalihuScrollbarDirective.ngOnDestroy (/DynamicTestModule/MalihuScrollbarDirective/wrapper.ngfactory.js:15:16)
    at View_MalihuScrollbarDemoComponent1.destroyInternal (/DynamicTestModule/MalihuScrollbarDemoComponent/component.ngfactory.js:87:38)
    at View_MalihuScrollbarDemoComponent1.AppView.destroy (webpack:///~/@angular/core/src/linker/view.js:203:0 &lt;- src/test.ts:64133:14)
    at View_MalihuScrollbarDemoComponent1.DebugAppView.destroy (webpack:///~/@angular/core/src/linker/view.js:606:0 &lt;- src/test.ts:64536:38)
    at ViewContainer.destroyNestedViews (webpack:///~/@angular/core/src/linker/view_container.js:77:0 &lt;- src/test.ts:64697:37)
</failure>
  </testcase>
  <testcase name="MalihuScrollbarService:unit should ..." time="0.023" classname="MalihuScrollbarService:unit">
    <failure type="">TypeError: Cannot read property 'autoUpdate' of undefined
    at HTMLDivElement._autoUpdate (node_modules/malihu-custom-scrollbar-plugin/jquery.mCustomScrollbar.js:1936:35)
    at HTMLDivElement.&lt;anonymous&gt; (node_modules/malihu-custom-scrollbar-plugin/jquery.mCustomScrollbar.js:778:19)
    at Function.each (node_modules/jquery/dist/jquery.js:365:19)
    at jQuery.fn.init.each (node_modules/jquery/dist/jquery.js:137:17)
    at jQuery.fn.init.destroy (node_modules/malihu-custom-scrollbar-plugin/jquery.mCustomScrollbar.js:765:24)
    at jQuery.fn.init.$.fn.(anonymous function) [as mCustomScrollbar] (node_modules/malihu-custom-scrollbar-plugin/jquery.mCustomScrollbar.js:2390:27)
    at DomRenderer.invokeElementMethod (webpack:///~/@angular/platform-browser/src/dom/dom_renderer.js:409:0 &lt;- src/test.ts:33881:39)
    at DebugDomRenderer.invokeElementMethod (webpack:///~/@angular/core/src/debug/debug_renderer.js:232:0 &lt;- src/test.ts:62781:24)
    at MalihuScrollbarDirective.destroy (webpack:///src/app/malihu-scrollbar/malihu-scrollbar.directive.ts:46:18 &lt;- src/test.ts:34514:23)
    at MalihuScrollbarDirective.ngOnDestroy (webpack:///src/app/malihu-scrollbar/malihu-scrollbar.directive.ts:28:9 &lt;- src/test.ts:34500:14)
    at Wrapper_MalihuScrollbarDirective.ngOnDestroy (/DynamicTestModule/MalihuScrollbarDirective/wrapper.ngfactory.js:15:16)
    at View_MalihuScrollbarDemoComponent1.destroyInternal (/DynamicTestModule/MalihuScrollbarDemoComponent/component.ngfactory.js:87:38)
    at View_MalihuScrollbarDemoComponent1.AppView.destroy (webpack:///~/@angular/core/src/linker/view.js:203:0 &lt;- src/test.ts:64133:14)
    at View_MalihuScrollbarDemoComponent1.DebugAppView.destroy (webpack:///~/@angular/core/src/linker/view.js:606:0 &lt;- src/test.ts:64536:38)
    at ViewContainer.destroyNestedViews (webpack:///~/@angular/core/src/linker/view_container.js:77:0 &lt;- src/test.ts:64697:37)
</failure>
  </testcase>
  <system-out>
    <![CDATA[
]]>
  </system-out>
  <system-err/>
</testsuite>